[wevitation.com/Aditya-Rusiana/2304890485.html]
[backblue.gif]
[fade.gif]
[index.html]
[wevitation.com/Aditya-Rusiana/og/thumbnail.jpg]
[wevitation.com/assets/plugins/custom/fullcalendar/fullcalendar.bundle.css]
[wevitation.com/assets/plugins/custom/flipdown/dist/flipdown.css]
[wevitation.com/assets/plugins/custom/splide/dist/css/splide.min.css]
[wevitation.com/assets/plugins/global/plugins.bundle.css]
[wevitation.com/assets/css/style.bundle.css]
[wevitation.com/assets/css/custom.css]
[wevitation.com/themes/photovit/css/variable.css]
[wevitation.com/assets/css/theme2707.css]
[cdnjs.cloudflare.com/ajax/libs/animate.css/4.1.1/animate.min.css]
[unpkg.com/aos@2.3.1/dist/aos.css]
[wevitation.com/assets/plugins/custom/responsive-flip-countdown/style.css]
[wevitation.com/themes/photovit/css/styles.css]
[wevitation.com/storage/cover/a5a7ff0e-58cf-467c-a7e1-81f915a4f905_background_15e07.jpg]
[wevitation.com/storage/cover/a5a7ff0e-58cf-467c-a7e1-81f915a4f905_background_2e7fe.jpg]
[wevitation.com/storage/galleries/b6ZOvQOCTAu7ckdFfwNtJwONiRi82fh0WRAn6uece928.jpg]
[wevitation.com/storage/galleries/OxEfQrhP10Y9UipSUe6CBt1xEFmS1C7DFYe1v4TN0492.jpg]
[wevitation.com/storage/galleries/jHHtZyVUOAOIuiBm0vz7wshZuRXlVnUZqvaegmer609f.jpg]
[wevitation.com/storage/galleries/BcZ7lVJ8HFfTjg3iw2qptduzILKC1Vc4TKzjBzaOa0d4.jpg]
[wevitation.com/storage/galleries/qSsVS12FQbEDViGWClnkQVmQMhjY4V2hglGhqGlU1252.jpg]
[wevitation.com/assets/plugins/global/plugins.bundle.js]
[wevitation.com/assets/js/scripts.bundle.js]
[wevitation.com/assets/plugins/custom/fullcalendar/fullcalendar.bundle.js]
[wevitation.com/assets/plugins/custom/responsive-flip-countdown/jquery.flipper-responsive.js]
[wevitation.com/assets/plugins/custom/splide/dist/js/splide.min.js]
[wevitation.com/assets/plugins/custom/countdown/jquery.countdown.min.js]
[unpkg.com/aos@2.3.1/dist/aos.js]
[wevitation.com/assets/js/custom/widgets.js]
[wevitation.com/assets/js/custom/apps/chat/chat.js]
[wevitation.com/assets/js/custom/modals/create-app.js]
[wevitation.com/assets/js/custom/modals/upgrade-plan.js]
[wevitation.com/Aditya-Rusiana/2304890485.html]
[cdn.jsdelivr.net/npm/lozad/dist/lozad.min.js]
[wevitation.com/assets/plugins/custom/fullcalendar/fullcalendar.bundle.css]
[wevitation.com/assets/plugins/custom/flipdown/dist/flipdown.css]
[wevitation.com/assets/plugins/custom/splide/dist/css/splide.min.css]
[wevitation.com/assets/plugins/global/plugins.bundle.css]
[wevitation.com/assets/css/style.bundle.css]
[wevitation.com/assets/css/custom.css]
[wevitation.com/themes/photovit/css/variable.css]
[wevitation.com/assets/css/theme2707.css]
[cdnjs.cloudflare.com/ajax/libs/animate.css/4.1.1/animate.min.css]
[unpkg.com/aos@2.3.1/dist/aos.css]
[wevitation.com/assets/plugins/custom/responsive-flip-countdown/style.css]
[wevitation.com/themes/photovit/img/bg-2.png]
[wevitation.com/themes/photovit/css/styles.css]
[wevitation.com/themes/photovit/img/bg-2.html]
